I'm sorry, but errors were detected in your script. Please correct the
errors listed below, and try again.


File "game/script.rpy", line 243: Line is indented, but the preceding hide statement statement does not expect a block. Please check this line's indentation. You may have forgotten a colon (:).
    return
    ^

Ren'Py Version: Ren'Py 8.3.3.24111502
Thu Dec  5 21:21:11 2024
